FIXME
Do not do this until this message goes away

===== Download & Copy the ISO =====

  - Login to the RedHat portal and Download the RHEL8 DVD. Its comparatively much bigger (~11G) than 6 & 7 and have a different structure.  
  - Copy the DVD ISO to pablsv02:/prod/images/LDC-bootisos

===== Mount & Synchronize =====
  - Temporarily mount the ISO<code>if (( $(mount | grep -c cdrom) >= 1 ))
then
echo "/cdrom is already mounted; check & fix"
else
sudo mount /prod/images/LDC-bootisos/rhel-8.6-x86_64-dvd.iso /cdrom -t iso9660 -o loop
fi</code>
  - Make sure there is enough space in /var/www filesystem
  - Synchronize the contents of the /cdrom<code>sudo mkdir -p /var/www/html/sources/rhel-8.6-x86_64
sudo rsync -a /cdrom/ /var/www/html/sources/rhel-8.6-x86_64/</code> 
  - Once successful, dismount the cdrom<code>sudo umount /cdrom</code>

===== Add signature =====
By default, cobbler local signatures are not updated to handle newly released operating systems.  This has to be updated.
  - Check if you can see rhel8 in the list<code>sudo cobbler signature report |grep rhel8</code>
  - If not, then update the signature<code>sudo cobbler signature update</code> Sample Output<code>[x1naveka@pablsv02 ~]$ sudo cobbler signature update
task started: 2022-09-27_085137_sigupdate
task started (id=Updating Signatures, time=Tue Sep 27 08:51:37 2022)
Successfully got file from https://cobbler.github.io/signatures/2.8.x/latest.json
*** TASK COMPLETE ***
[x1naveka@pablsv02 ~]$</code>
  - Validate that you can see rhel8 now<code>[x1naveka@pablsv02 ~]$ sudo cobbler signature report |grep rhel8
        rhel8
[x1naveka@pablsv02 ~]$</code>
If you don't update this signature, you will get this error in the next step<code>[x1naveka@pablsv02 ~]$ sudo cobbler import --path=/var/www/html/sources/rhel-8.6-x86_64/ --name=rhel-8.6 --arch=x86_64
task started: 2022-09-27_084606_import
task started (id=Media import, time=Tue Sep 27 08:46:06 2022)
No signature matched in /var/www/cobbler/ks_mirror/rhel-8.6-x86_64
!!! TASK FAILED !!!
[x1naveka@pablsv02 ~]$</code>

===== Mount & Synchronize =====
  - Create a new profile & distribution, lets call it rhel8.6<code>[x1naveka@pablsv02 ~]$ sudo cobbler import --path=/var/www/html/sources/rhel-8.6-x86_64/ --name=rhel-8.6 --arch=x86_64
task started: 2022-09-27_085215_import
task started (id=Media import, time=Tue Sep 27 08:52:15 2022)
Found a candidate signature: breed=suse, version=sles15generic
Found a candidate signature: breed=suse, version=opensuse15.0
Found a candidate signature: breed=suse, version=opensuse15.1
Found a candidate signature: breed=redhat, version=rhel8
Found a matching signature: breed=redhat, version=rhel8
Adding distros from path /var/www/cobbler/ks_mirror/rhel-8.6-x86_64:
creating new distro: rhel-8.6-x86_64
trying symlink: /var/www/cobbler/ks_mirror/rhel-8.6-x86_64 -> /var/www/cobbler/links/rhel-8.6-x86_64
creating new profile: rhel-8.6-x86_64
associating repos
checking for rsync repo(s)
checking for rhn repo(s)
checking for yum repo(s)
starting descent into /var/www/cobbler/ks_mirror/rhel-8.6-x86_64 for rhel-8.6-x86_64
processing repo at : /var/www/cobbler/ks_mirror/rhel-8.6-x86_64/BaseOS
need to process repo/comps: /var/www/cobbler/ks_mirror/rhel-8.6-x86_64/BaseOS
looking for /var/www/cobbler/ks_mirror/rhel-8.6-x86_64/BaseOS/repodata/*comps*.xml
Keeping repodata as-is :/var/www/cobbler/ks_mirror/rhel-8.6-x86_64/BaseOS/repodata
processing repo at : /var/www/cobbler/ks_mirror/rhel-8.6-x86_64/AppStream
need to process repo/comps: /var/www/cobbler/ks_mirror/rhel-8.6-x86_64/AppStream
looking for /var/www/cobbler/ks_mirror/rhel-8.6-x86_64/AppStream/repodata/*comps*.xml
Keeping repodata as-is :/var/www/cobbler/ks_mirror/rhel-8.6-x86_64/AppStream/repodata
*** TASK COMPLETE ***
[x1naveka@pablsv02 ~]$</code>
   This process will identify the two repositories BaseOS & AppStream and process the repodata for these repositories.  
   - Confirm that the profile is created<code>[x1naveka@pablsv02 ~]$ sudo cobbler profile report --name=rhel-8.6-x86_64
Name                           : rhel-8.6-x86_64
TFTP Boot Files                : {}
Comment                        :
DHCP Tag                       : default
Distribution                   : rhel-8.6-x86_64
Enable gPXE?                   : 0
Enable PXE Menu?               : 1
Fetchable Files                : {}
Kernel Options                 : {}
Kernel Options (Post Install)  : {}
Kickstart                      : /var/lib/cobbler/kickstarts/sample_end.ks
Kickstart Metadata             : {}
Management Classes             : []
Management Parameters          : <<inherit>>
Name Servers                   : []
Name Servers Search Path       : []
Owners                         : ['admin']
Parent Profile                 :
Internal proxy                 :
Red Hat Management Key         : <<inherit>>
Red Hat Management Server      : <<inherit>>
Repos                          : []
Server Override                : <<inherit>>
Template Files                 : {}
Virt Auto Boot                 : 1
Virt Bridge                    : xenbr0
Virt CPUs                      : 1
Virt Disk Driver Type          : raw
Virt File Size(GB)             : 5
Virt Path                      :
Virt RAM (MB)                  : 512
Virt Type                      : kvm

[x1naveka@pablsv02 ~]$</code>
   - Confirm that the the distro is created<code>[x1naveka@pablsv02 ~]$ sudo cobbler distro report --name=rhel-8.6-x86_64
Name                           : rhel-8.6-x86_64
Architecture                   : x86_64
TFTP Boot Files                : {}
Breed                          : redhat
Comment                        :
Fetchable Files                : {}
Initrd                         : /var/www/cobbler/ks_mirror/rhel-8.6-x86_64/images/pxeboot/initrd.img
Kernel                         : /var/www/cobbler/ks_mirror/rhel-8.6-x86_64/images/pxeboot/vmlinuz
Kernel Options                 : {}
Kernel Options (Post Install)  : {}
Kickstart Metadata             : {'tree': 'http://@@http_server@@/cblr/links/rhel-8.6-x86_64'}
Management Classes             : []
OS Version                     : rhel8
Owners                         : ['admin']
Red Hat Management Key         : <<inherit>>
Red Hat Management Server      : <<inherit>>
Template Files                 : {}

[x1naveka@pablsv02 ~]$ </code>
  - Create the Kickstart file
FIXME
  - Modify the profile<code>sudo cobbler profile edit --name rhel-8.6-x86_64 --kickstart=/var/lib/cobbler/kickstarts/tenneco.rhel-8.ks</code>
