a:2:{s:7:"current";a:9:{s:4:"date";a:2:{s:7:"created";i:1351267274;s:8:"modified";i:1351267426;}s:7:"creator";s:4:"Root";s:4:"user";s:4:"root";s:11:"last_change";a:7:{s:4:"date";i:1351267426;s:2:"ip";s:12:"10.32.40.118";s:4:"type";s:1:"E";s:2:"id";s:12:"kapil:fedora";s:4:"user";s:4:"root";s:3:"sum";s:0:"";s:5:"extra";s:0:"";}s:11:"contributor";a:1:{s:4:"root";s:4:"Root";}s:5:"title";s:13:"Fedora Tricks";s:11:"description";a:2:{s:15:"tableofcontents";a:1:{i:0;a:4:{s:3:"hid";s:13:"fedora_tricks";s:5:"title";s:13:"Fedora Tricks";s:4:"type";s:2:"ul";s:5:"level";i:1;}}s:8:"abstract";s:503:"*  Create an LVM partition on a disk
		*  Get to parted
sudo parted /dev/sda

		*  Create the partition
mkpart primary ext2 282625 282624

		*  Print to list the partitions
print                                                            
Model: ATA ST31000528AS (scsi)
Disk /dev/sda: 1000GB
Sector size (logical/physical): 512B/512B
Partition Table: msdos
Disk Flags: 

Number  Start   End     Size    Type     File system  Flags
 1      1049kB  1075MB  1074MB  primary  ext4         boot
 2      10â€¦";}s:8:"internal";a:2:{s:5:"cache";b:1;s:3:"toc";b:1;}s:8:"relation";a:1:{s:10:"firstimage";s:0:"";}}s:10:"persistent";a:5:{s:4:"date";a:2:{s:7:"created";i:1351267274;s:8:"modified";i:1351267426;}s:7:"creator";s:4:"Root";s:4:"user";s:4:"root";s:11:"last_change";a:7:{s:4:"date";i:1351267426;s:2:"ip";s:12:"10.32.40.118";s:4:"type";s:1:"E";s:2:"id";s:12:"kapil:fedora";s:4:"user";s:4:"root";s:3:"sum";s:0:"";s:5:"extra";s:0:"";}s:11:"contributor";a:1:{s:4:"root";s:4:"Root";}}}